// Jest Snapshot v1, https://goo.gl/fbAQLP

exports[`Image with data should render a lazyload container instead of an image if the image is after the 3rd block 1`] = `
<ForwardRef(GridItemConstrainedLargeNoMargin)
  padding={
    Object {
      "group2": "0px",
      "group3": "0px",
    }
  }
>
  <ArticleFigure
    alt="Map of the UK displaying Syrian refugees and asylum seekers per 10000 population. Ranges from 0 to 17."
    captionBlock={null}
    copyright={null}
    fade={true}
    height={420}
    lazyLoad={true}
    ratio={65.625}
    showCopyright={true}
    src="https://ichef.bbci.co.uk/news/640/cpsprodpb/439A/production/_100960371_syrians_and_asylum_v2-nc.png"
    srcset="https://ichef.bbci.co.uk/news/240/cpsprodpb/439A/production/_100960371_syrians_and_asylum_v2-nc.png 240w, https://ichef.bbci.co.uk/news/320/cpsprodpb/439A/production/_100960371_syrians_and_asylum_v2-nc.png 320w, https://ichef.bbci.co.uk/news/480/cpsprodpb/439A/production/_100960371_syrians_and_asylum_v2-nc.png 480w, https://ichef.bbci.co.uk/news/624/cpsprodpb/439A/production/_100960371_syrians_and_asylum_v2-nc.png 624w, https://ichef.bbci.co.uk/news/640/cpsprodpb/439A/production/_100960371_syrians_and_asylum_v2-nc.png 640w"
    type="image"
    width={640}
  />
</ForwardRef(GridItemConstrainedLargeNoMargin)>
`;

exports[`Image with data should render an image with alt text 1`] = `
<ForwardRef(GridItemConstrainedLargeNoMargin)
  padding={
    Object {
      "group2": "0px",
      "group3": "0px",
    }
  }
>
  <ArticleFigure
    alt="Map of the UK displaying Syrian refugees and asylum seekers per 10000 population. Ranges from 0 to 17."
    captionBlock={null}
    copyright={null}
    fade={true}
    height={420}
    lazyLoad={false}
    ratio={65.625}
    showCopyright={true}
    src="https://ichef.bbci.co.uk/news/640/cpsprodpb/439A/production/_100960371_syrians_and_asylum_v2-nc.png"
    srcset="https://ichef.bbci.co.uk/news/240/cpsprodpb/439A/production/_100960371_syrians_and_asylum_v2-nc.png 240w, https://ichef.bbci.co.uk/news/320/cpsprodpb/439A/production/_100960371_syrians_and_asylum_v2-nc.png 320w, https://ichef.bbci.co.uk/news/480/cpsprodpb/439A/production/_100960371_syrians_and_asylum_v2-nc.png 480w, https://ichef.bbci.co.uk/news/624/cpsprodpb/439A/production/_100960371_syrians_and_asylum_v2-nc.png 624w, https://ichef.bbci.co.uk/news/640/cpsprodpb/439A/production/_100960371_syrians_and_asylum_v2-nc.png 640w"
    type="image"
    width={640}
  />
</ForwardRef(GridItemConstrainedLargeNoMargin)>
`;

exports[`Image with data should render an image with alt text and caption 1`] = `
<ForwardRef(GridItemConstrainedLargeNoMargin)
  padding={
    Object {
      "group2": "0px",
      "group3": "0px",
    }
  }
>
  <ArticleFigure
    alt="Map of the UK displaying Syrian refugees and asylum seekers per 10000 population. Ranges from 0 to 17."
    captionBlock={
      Object {
        "id": null,
        "model": Object {
          "blocks": Array [
            Object {
              "id": null,
              "model": Object {
                "blocks": Array [
                  Object {
                    "id": null,
                    "model": Object {
                      "blocks": Array [
                        Object {
                          "id": null,
                          "model": Object {
                            "attributes": Array [],
                            "text": "Study by the Home Office about the Syrian Vulnerable Persons Resettlement Scheme",
                          },
                          "type": "fragment",
                        },
                      ],
                      "text": "Study by the Home Office about the Syrian Vulnerable Persons Resettlement Scheme",
                    },
                    "type": "paragraph",
                  },
                ],
              },
              "type": "text",
            },
          ],
        },
        "type": "caption",
      }
    }
    copyright={null}
    fade={true}
    height={420}
    lazyLoad={false}
    ratio={65.625}
    showCopyright={true}
    src="https://ichef.bbci.co.uk/news/640/cpsprodpb/439A/production/_100960371_syrians_and_asylum_v2-nc.png"
    srcset="https://ichef.bbci.co.uk/news/240/cpsprodpb/439A/production/_100960371_syrians_and_asylum_v2-nc.png 240w, https://ichef.bbci.co.uk/news/320/cpsprodpb/439A/production/_100960371_syrians_and_asylum_v2-nc.png 320w, https://ichef.bbci.co.uk/news/480/cpsprodpb/439A/production/_100960371_syrians_and_asylum_v2-nc.png 480w, https://ichef.bbci.co.uk/news/624/cpsprodpb/439A/production/_100960371_syrians_and_asylum_v2-nc.png 624w, https://ichef.bbci.co.uk/news/640/cpsprodpb/439A/production/_100960371_syrians_and_asylum_v2-nc.png 640w"
    type="image"
    width={640}
  />
</ForwardRef(GridItemConstrainedLargeNoMargin)>
`;

exports[`Image with data should render an image with alt text and offscreen copyright 1`] = `
<ForwardRef(GridItemConstrainedLargeNoMargin)
  padding={
    Object {
      "group2": "0px",
      "group3": "0px",
    }
  }
>
  <ArticleFigure
    alt="Map of the UK displaying Syrian refugees and asylum seekers per 10000 population. Ranges from 0 to 17."
    captionBlock={null}
    copyright="Getty images"
    fade={true}
    height={420}
    lazyLoad={false}
    ratio={65.625}
    showCopyright={true}
    src="https://ichef.bbci.co.uk/news/640/cpsprodpb/439A/production/_100960371_syrians_and_asylum_v2-nc.png"
    srcset="https://ichef.bbci.co.uk/news/240/cpsprodpb/439A/production/_100960371_syrians_and_asylum_v2-nc.png 240w, https://ichef.bbci.co.uk/news/320/cpsprodpb/439A/production/_100960371_syrians_and_asylum_v2-nc.png 320w, https://ichef.bbci.co.uk/news/480/cpsprodpb/439A/production/_100960371_syrians_and_asylum_v2-nc.png 480w, https://ichef.bbci.co.uk/news/624/cpsprodpb/439A/production/_100960371_syrians_and_asylum_v2-nc.png 624w, https://ichef.bbci.co.uk/news/640/cpsprodpb/439A/production/_100960371_syrians_and_asylum_v2-nc.png 640w"
    type="image"
    width={640}
  />
</ForwardRef(GridItemConstrainedLargeNoMargin)>
`;

exports[`Image with data should render an image with other originCode - this would be a broken image 1`] = `
<ForwardRef(GridItemConstrainedLargeNoMargin)
  padding={
    Object {
      "group2": "0px",
      "group3": "0px",
    }
  }
>
  <ArticleFigure
    alt="Map of the UK displaying Syrian refugees and asylum seekers per 10000 population. Ranges from 0 to 17."
    captionBlock={null}
    copyright="Getty images"
    fade={true}
    height={420}
    lazyLoad={false}
    ratio={65.625}
    showCopyright={true}
    src="https://ichef.bbci.co.uk/news/640/other/439A/production/_100960371_syrians_and_asylum_v2-nc.png"
    srcset="https://ichef.bbci.co.uk/news/240/other/439A/production/_100960371_syrians_and_asylum_v2-nc.png 240w, https://ichef.bbci.co.uk/news/320/other/439A/production/_100960371_syrians_and_asylum_v2-nc.png 320w, https://ichef.bbci.co.uk/news/480/other/439A/production/_100960371_syrians_and_asylum_v2-nc.png 480w, https://ichef.bbci.co.uk/news/624/other/439A/production/_100960371_syrians_and_asylum_v2-nc.png 624w, https://ichef.bbci.co.uk/news/640/other/439A/production/_100960371_syrians_and_asylum_v2-nc.png 640w"
    type="image"
    width={640}
  />
</ForwardRef(GridItemConstrainedLargeNoMargin)>
`;
